1:14:allman-braces:Opening brace should be on its own line
5:11:allman-braces:Opening brace should be on its own line
9:28:allman-braces:Opening brace should be on its own line
15:18:allman-braces:Opening brace should be on its own line
16:16:allman-braces:Opening brace should be on its own line
18:12:allman-braces:Opening brace should be on its own line
21:38:allman-braces:Opening brace should be on its own line
22:22:allman-braces:Opening brace should be on its own line
23:24:allman-braces:Opening brace should be on its own line
27:9:allman-braces:Opening brace should be on its own line
29:19:allman-braces:Opening brace should be on its own line
31:8:allman-braces:Opening brace should be on its own line
36:34:allman-braces:Opening brace should be on its own line
41:21:allman-braces:Opening brace should be on its own line