3:5:raw-pointer:Raw pointer to 'int': use nonnull<int> or nullable<int>, or mark an interop pointer lint-allow(raw-pointer)
4:7:raw-pointer:Raw pointer to 'Board': use nonnull<Board> or nullable<Board>, or mark an interop pointer lint-allow(raw-pointer)
5:6:raw-pointer:Raw pointer to 'Board': use nonnull<Board> or nullable<Board>, or mark an interop pointer lint-allow(raw-pointer)
6:8:raw-pointer:Raw pointer to 'string': use nonnull<string> or nullable<string>, or mark an interop pointer lint-allow(raw-pointer)
7:12:raw-pointer:Raw pointer to 'text_buffer': use nonnull<text_buffer> or nullable<text_buffer>, or mark an interop pointer lint-allow(raw-pointer)
8:14:raw-pointer:Raw pointer to 'vector<Board>': use nonnull<vector<Board>> or nullable<vector<Board>>, or mark an interop pointer lint-allow(raw-pointer)
9:23:raw-pointer:Raw pointer to 'Board': use nonnull<Board> or nullable<Board>, or mark an interop pointer lint-allow(raw-pointer)
10:5:raw-pointer:Raw pointer to 'int': use nonnull<int> or nullable<int>, or mark an interop pointer lint-allow(raw-pointer)
13:14:raw-pointer:Raw pointer to 'Board': use nonnull<Board> or nullable<Board>, or mark an interop pointer lint-allow(raw-pointer)